{
  "fetch_requests": null,
  "reply": null,
  "specification": {
    "addressals": [
      {
        "comment": "Show the refusal path.",
        "response": "Added refusal tests."
      }
    ],
    "body": "# Objective\n\nRequire approval before implementation.",
    "summary": "Add the missing lifecycle gate."
  }
}
