{
  "label": "screenshot",
  "artifact_id": "art-2",
  "digest": "sha256:img",
  "provenance": {
    "producer_class": "agent",
    "producer_invocation_id": "inv-2",
    "head_binding": "head_bound",
    "source_head_sha": "cafebabe",
    "verification_recipe_digest": null,
    "sensitivity_class": "normal"
  },
  "text": null,
  "metadata": {
    "media_type": "image/png",
    "size_bytes": 4096,
    "created_at": "2026-01-02T03:04:05Z",
    "source": "claim",
    "availability": "available"
  }
}
