{
  "id": "item-codex-reenrollment",
  "project_id": "proj-1",
  "subject": {
    "subject_type": "system",
    "subject_id": "daemon",
    "run_id": null
  },
  "type": "system_health",
  "priority": "high",
  "reason": "Codex identity requires verified re-enrollment",
  "requested_decision": [
    "acknowledge",
    "resolve_reenrollment"
  ],
  "evidence_snapshot": null,
  "agent_claims": null,
  "artifact_digests": [],
  "pr_head_sha": "",
  "pr_reference": null,
  "commit_plan_notice": null,
  "base_freshness": null,
  "readiness_invalidation": null,
  "review_recovery_binding": null,
  "codex_reenrollment_recovery_binding": {
    "auth_identity_id": "codex-primary",
    "lease_fence": 4,
    "auth_store_digest": "sha256:replacement-store",
    "access_token_expires_at": "2026-01-03T03:04:05Z"
  },
  "review_configuration_recovery": null,
  "item_version": 2,
  "interruption_class": "exceptional",
  "conversation_id": null,
  "timing": {
    "delivery_count": 0,
    "first_submitted_at": null,
    "first_accepted_at": null,
    "first_opened_at": null,
    "submit_to_first_open": null
  },
  "expires_when": null,
  "decided_at": null,
  "posture": "advisory",
  "blocking_supersession": null,
  "status": "open"
}
