{
  "id": "item-review-recovery",
  "project_id": "proj-1",
  "subject": {
    "subject_type": "run",
    "subject_id": "run-1",
    "run_id": "run-1"
  },
  "type": "review_contradiction",
  "priority": "high",
  "reason": "review contradicted its execution contract",
  "requested_decision": [
    "recover_review"
  ],
  "recommendation": null,
  "decision_surface": {
    "epoch": 1,
    "digest": "sha256:bc42621dbd50d39bb3405572f511022870ddc9755bf8770c8dcc105175a34903"
  },
  "evidence_snapshot": null,
  "agent_claims": null,
  "artifact_digests": [],
  "pr_head_sha": "cafebabe",
  "pr_reference": null,
  "readiness": null,
  "yield_history": null,
  "commit_plan_notice": null,
  "base_freshness": null,
  "readiness_invalidation": null,
  "review_recovery_binding": {
    "run_id": "run-1",
    "invocation_id": "review-run-1-2",
    "round": 2,
    "base_sha": "beefcafe",
    "head_sha": "cafebabe",
    "failure_digest": "sha256:review-failure-body"
  },
  "codex_reenrollment_recovery_binding": null,
  "review_configuration_recovery": null,
  "finding_adjudication": null,
  "display_names": null,
  "billable_cost_so_far": null,
  "execution_failure": null,
  "publish_block": null,
  "diff_stats": null,
  "blocked_on": null,
  "health_diagnostic": null,
  "review_dispute": null,
  "spec_revision": null,
  "item_version": 1,
  "interruption_class": "exceptional",
  "conversation_id": null,
  "timing": {
    "delivery_count": 0,
    "first_submitted_at": null,
    "first_accepted_at": null,
    "first_opened_at": null,
    "submit_to_first_open": null
  },
  "created_at": null,
  "expires_when": null,
  "decided_at": null,
  "posture": null,
  "blocking_supersession": null,
  "status": "open"
}
