{
  "id": "item-4",
  "project_id": "proj-1",
  "subject": {
    "subject_type": "system",
    "subject_id": "daemon",
    "run_id": null
  },
  "type": "system_health",
  "priority": "normal",
  "reason": "active-resource observation is temporarily unavailable",
  "requested_decision": [
    "acknowledge",
    "run_doctor"
  ],
  "evidence_snapshot": [],
  "agent_claims": [],
  "artifact_digests": [],
  "pr_head_sha": "",
  "pr_reference": null,
  "commit_plan_notice": null,
  "base_freshness": null,
  "readiness_invalidation": null,
  "review_recovery_binding": null,
  "review_configuration_recovery": null,
  "item_version": 1,
  "interruption_class": "exceptional",
  "conversation_id": null,
  "timing": {
    "delivery_count": 0,
    "first_submitted_at": null,
    "first_accepted_at": null,
    "first_opened_at": null,
    "submit_to_first_open": null
  },
  "expires_when": null,
  "decided_at": null,
  "posture": "advisory",
  "blocking_supersession": null,
  "status": "open"
}
