{
  "id": "item-review-configuration",
  "project_id": "proj-1",
  "subject": {
    "subject_type": "run",
    "subject_id": "run-1",
    "run_id": "run-1"
  },
  "type": "review_configuration",
  "priority": "high",
  "reason": "review parked on a configuration the trust profile no longer approves",
  "requested_decision": [
    "adopt_review_configuration",
    "discuss",
    "stop"
  ],
  "evidence_snapshot": null,
  "agent_claims": null,
  "artifact_digests": [],
  "pr_head_sha": "cafebabe",
  "commit_plan_notice": null,
  "base_freshness": null,
  "readiness_invalidation": null,
  "review_recovery_binding": null,
  "review_configuration_recovery": {
    "run_id": "run-1",
    "invocation_id": "review-run-1-2",
    "round": 2,
    "base_sha": "beefcafe",
    "head_sha": "cafebabe",
    "failure_digest": "sha256:review-failure-body",
    "repo": "owner/repo",
    "repository_id": 84958515,
    "superseded_profile_digest": "sha256:profile-superseded"
  },
  "item_version": 1,
  "interruption_class": "planned_gate",
  "conversation_id": null,
  "timing": {
    "delivery_count": 0,
    "first_submitted_at": null,
    "first_accepted_at": null,
    "first_opened_at": null,
    "submit_to_first_open": null
  },
  "expires_when": null,
  "decided_at": null,
  "blocking_supersession": null,
  "status": "open"
}
