{
  "id": "item-finding-adjudication",
  "project_id": "proj-1",
  "subject": {
    "subject_type": "run",
    "subject_id": "run-1",
    "run_id": "run-1"
  },
  "type": "finding_adjudication",
  "priority": "high",
  "reason": "a review finding needs an adjudicated route",
  "requested_decision": [
    "accept_recommended_route",
    "choose_alternative_route",
    "discuss",
    "stop"
  ],
  "recommendation": {
    "action": "accept_recommended_route",
    "reason": "Accept the adjudicator's recommended route for each finding.",
    "source": "agent_judgment",
    "provenance": {
      "daemon_policy": null,
      "agent_judgment": {
        "judgment_site": "finding_adjudicator",
        "invocation_id": "review-run-1-2",
        "artifact_digest": "sha256:dddddddddddddddddddddddddddddddddddddddddddddddddddddddddddddddd"
      },
      "project_policy": null
    },
    "confidence": null
  },
  "decision_surface": {
    "epoch": 1,
    "digest": "sha256:789af6885f27c7178e6fc22e573365c5e98fbdbec524b1ef4f00b4b766a815fa"
  },
  "evidence_snapshot": null,
  "agent_claims": null,
  "artifact_digests": [
    "sha256:dddddddddddddddddddddddddddddddddddddddddddddddddddddddddddddddd"
  ],
  "pr_head_sha": "",
  "pr_reference": null,
  "readiness": null,
  "yield_history": null,
  "commit_plan_notice": null,
  "base_freshness": null,
  "readiness_invalidation": null,
  "review_recovery_binding": null,
  "codex_reenrollment_recovery_binding": null,
  "review_configuration_recovery": null,
  "finding_adjudication": {
    "run_id": "run-1",
    "round": 2,
    "adjudication_digest": "sha256:dddddddddddddddddddddddddddddddddddddddddddddddddddddddddddddddd",
    "proposals": [
      {
        "finding_id": "finding-1",
        "finding_message": "the finding contradicts the approved work unit",
        "finding_location": {
          "path": "daemon/example.go",
          "start_line": 12,
          "end_line": 12
        },
        "producer": "model",
        "goal_relationship": "contradictory",
        "compatibility": null,
        "route": "decline",
        "rationale": "the finding contradicts the approved work unit",
        "evidence": [
          "the reported change lies outside the declared work-unit paths"
        ],
        "cited_rules": [
          "AGENTS.md: stay focused"
        ],
        "assumptions": [
          "the reported path is accurate"
        ],
        "open_questions": [
          "Should a follow-up issue be filed?"
        ],
        "confidence": "high",
        "offered_alternatives": [
          {
            "route": "dispute",
            "consequence": "ask a human to resolve the contract conflict"
          }
        ]
      }
    ]
  },
  "display_names": null,
  "billable_cost_so_far": null,
  "execution_failure": null,
  "publish_block": null,
  "diff_stats": null,
  "blocked_on": null,
  "health_diagnostic": null,
  "review_dispute": null,
  "spec_revision": null,
  "item_version": 1,
  "interruption_class": "planned_gate",
  "conversation_id": null,
  "timing": {
    "delivery_count": 0,
    "first_submitted_at": null,
    "first_accepted_at": null,
    "first_opened_at": null,
    "submit_to_first_open": null
  },
  "created_at": null,
  "expires_when": null,
  "decided_at": null,
  "posture": null,
  "blocking_supersession": null,
  "status": "open"
}
