{
  "id": "item-publish-blocked",
  "project_id": "proj-1",
  "subject": {
    "subject_type": "run",
    "subject_id": "run-1",
    "run_id": "run-1"
  },
  "type": "publish_blocked",
  "priority": "high",
  "reason": "current trust state blocked publication",
  "requested_decision": [
    "inspect_trust_failure",
    "stop"
  ],
  "recommendation": null,
  "decision_surface": {
    "epoch": 1,
    "digest": "sha256:c9f544a6631ef64665b20bd1fda60716459522fb5a618c041a84392bff11e373"
  },
  "evidence_snapshot": null,
  "agent_claims": null,
  "artifact_digests": [],
  "pr_head_sha": "",
  "pr_reference": null,
  "readiness": null,
  "readiness_detail": null,
  "yield_history": null,
  "commit_plan_notice": null,
  "base_freshness": null,
  "readiness_invalidation": null,
  "review_recovery_binding": null,
  "codex_reenrollment_recovery_binding": null,
  "review_configuration_recovery": null,
  "finding_adjudication": null,
  "display_names": null,
  "billable_cost_so_far": null,
  "execution_failure": null,
  "publish_block": {
    "hold_reason": null,
    "trust_rule": "trust_profile_drift"
  },
  "diff_stats": null,
  "blocked_on": null,
  "health_diagnostic": null,
  "review_dispute": null,
  "spec_revision": null,
  "item_version": 1,
  "interruption_class": "exceptional",
  "conversation_id": null,
  "timing": {
    "delivery_count": 0,
    "first_submitted_at": null,
    "first_accepted_at": null,
    "first_opened_at": null,
    "submit_to_first_open": null
  },
  "created_at": "2026-01-02T03:04:05Z",
  "expires_when": null,
  "decided_at": null,
  "posture": null,
  "blocking_supersession": null,
  "status": "open"
}
