{
  "id": "item-3",
  "project_id": "proj-1",
  "subject": {
    "subject_type": "run",
    "subject_id": "run-1",
    "run_id": "run-1"
  },
  "type": "system_health",
  "priority": "normal",
  "reason": "unattended execution admitted under the backup-encryption waiver for repository 424242",
  "requested_decision": [
    "acknowledge",
    "stop_unattended"
  ],
  "recommendation": null,
  "decision_surface": {
    "epoch": 1,
    "digest": "sha256:8d9ff9eac184194fb29cd666cd6ff855af71c71d180125bb431d47dfe286d6c1"
  },
  "evidence_snapshot": [],
  "agent_claims": [],
  "artifact_digests": [],
  "pr_head_sha": "",
  "pr_reference": null,
  "readiness": null,
  "readiness_detail": null,
  "yield_history": null,
  "commit_plan_notice": null,
  "base_freshness": null,
  "readiness_invalidation": null,
  "review_recovery_binding": null,
  "codex_reenrollment_recovery_binding": null,
  "review_configuration_recovery": null,
  "finding_adjudication": null,
  "display_names": null,
  "billable_cost_so_far": null,
  "execution_failure": null,
  "publish_block": null,
  "diff_stats": null,
  "blocked_on": null,
  "health_diagnostic": null,
  "review_dispute": null,
  "spec_revision": null,
  "item_version": 1,
  "interruption_class": "exceptional",
  "conversation_id": null,
  "timing": {
    "delivery_count": 0,
    "first_submitted_at": null,
    "first_accepted_at": null,
    "first_opened_at": null,
    "submit_to_first_open": null
  },
  "created_at": null,
  "expires_when": null,
  "decided_at": null,
  "posture": "blocking",
  "blocking_supersession": {
    "kind": "backup_encryption_waiver",
    "repository_id": 424242
  },
  "status": "open"
}
