{
  "id": "sha256:d1bb9b9a54f94cd0f8b7cb070f64333efa2133234d25daf413d9183e320b0d7b",
  "repo": "freeside-ai/demo",
  "base_sha": "beefcafe",
  "head_sha": "cafebabe",
  "import_result_digest": "sha256:import-result",
  "verification_recipe_digest": "sha256:recipe-approved",
  "verification_outcome": "passed",
  "findings": [
    {
      "class": "repo_change_policy",
      "category": null,
      "origin": "import",
      "kind": "size_violation",
      "path": "assets/big.bin",
      "disposition": "waived",
      "waiver": {
        "decision_id": "decision-2",
        "decided_by": "user",
        "decided_at": "2026-01-02T03:04:05Z",
        "justification": "generated fixture, reviewed",
        "decision_digest": "sha256:decision"
      }
    }
  ],
  "trust_profile_digest": "sha256:94600d68b4ff63de11e365164b95f08a6937a3d2a5554c479c1406d04fdf8c79",
  "invocation_id": "inv-1",
  "created_at": "2026-01-02T03:04:05Z",
  "authorizes_publication": true
}
