{
  "id": "sha256:db1b5e10ae4d150ea4b8ae197b2dfb12ff50b2f0f3bcb06f73d8210761a84c1c",
  "repo": "freeside-ai/demo",
  "base_sha": "beefcafe",
  "head_sha": "cafebabe",
  "import_result_digest": "sha256:import-result",
  "verification_recipe_digest": "sha256:recipe-approved",
  "verification_outcome": "passed",
  "findings": [
    {
      "class": "repo_change_policy",
      "category": null,
      "origin": "import",
      "kind": "size_violation",
      "path": "assets/big.bin",
      "disposition": "waived",
      "waiver": {
        "decision_id": "decision-2",
        "decided_by": "user",
        "decided_at": "2026-01-02T03:04:05Z",
        "justification": "generated fixture, reviewed",
        "decision_digest": "sha256:decision"
      }
    }
  ],
  "trust_profile_digest": "sha256:4ae77d4827e0bcb4715938308caac81bed769edf8b7985d920b58adfada68932",
  "invocation_id": "inv-1",
  "created_at": "2026-01-02T03:04:05Z",
  "authorizes_publication": true
}
