{
  "id": "sha256:522d00b175b7ce9a9ac647bb73171faf24b540c98ab9fc226c4b64848ee95564",
  "repo": "freeside-ai/demo",
  "base_sha": "beefcafe",
  "head_sha": "cafebabe",
  "import_result_digest": "sha256:import-result",
  "verification_recipe_digest": "sha256:recipe-approved",
  "evidence_snapshot_digest": "sha256:evidence-snapshot",
  "verification_outcome": "passed",
  "findings": [
    {
      "class": "repo_change_policy",
      "category": null,
      "origin": "import",
      "kind": "size_violation",
      "path": "assets/big.bin",
      "disposition": "waived",
      "waiver": {
        "decision_id": "decision-2",
        "decided_by": "user",
        "decided_at": "2026-01-02T03:04:05Z",
        "justification": "generated fixture, reviewed",
        "decision_digest": "sha256:decision"
      }
    }
  ],
  "trust_profile_digest": "sha256:bed60edca142c75b455ddd75668afdd452cfb5bfe6dfe5bf847815cb816ec436",
  "invocation_id": "inv-1",
  "created_at": "2026-01-02T03:04:05Z",
  "authorizes_publication": true
}
