{
  "id": "sha256:569152bea13c4553f9c84c5986d4a258f86d0cc5fd6a36b2403450426cb13da3",
  "repo": "freeside-ai/demo",
  "base_sha": "beefcafe",
  "head_sha": "cafebabe",
  "import_result_digest": "sha256:import-result",
  "verification_recipe_digest": "sha256:recipe-approved",
  "evidence_snapshot_digest": "sha256:evidence-snapshot",
  "verification_outcome": "passed",
  "findings": [
    {
      "class": "control_plane",
      "category": "reviewer_instructions",
      "origin": "import",
      "kind": "reviewer_instruction_path",
      "path": "AGENTS.md",
      "disposition": "blocking",
      "waiver": null
    },
    {
      "class": "import_integrity",
      "category": null,
      "origin": "import",
      "kind": "non_regular_change",
      "path": "bin/tool",
      "disposition": "blocking",
      "waiver": null
    },
    {
      "class": "secret",
      "category": null,
      "origin": "import",
      "kind": "secret",
      "path": "config/app.env",
      "detail": "rule aws-key line 3",
      "disposition": "blocking",
      "waiver": null
    }
  ],
  "trust_profile_digest": "sha256:bed60edca142c75b455ddd75668afdd452cfb5bfe6dfe5bf847815cb816ec436",
  "invocation_id": "inv-1",
  "created_at": "2026-01-02T03:04:05Z",
  "authorizes_publication": false
}
