{
  "id": "sha256:c50a4f119b50ef576f32feb496acc9ee25fd598350b6bb7756042e363ad2e174",
  "repo": "freeside-ai/demo",
  "base_sha": "beefcafe",
  "head_sha": "cafebabe",
  "import_result_digest": "sha256:import-result",
  "verification_recipe_digest": "sha256:recipe-approved",
  "verification_outcome": "passed",
  "findings": [
    {
      "class": "control_plane",
      "category": "reviewer_instructions",
      "origin": "import",
      "kind": "reviewer_instruction_path",
      "path": "AGENTS.md",
      "disposition": "blocking",
      "waiver": null
    },
    {
      "class": "import_integrity",
      "category": null,
      "origin": "import",
      "kind": "non_regular_change",
      "path": "bin/tool",
      "disposition": "blocking",
      "waiver": null
    },
    {
      "class": "secret",
      "category": null,
      "origin": "import",
      "kind": "secret",
      "path": "config/app.env",
      "detail": "rule aws-key line 3",
      "disposition": "blocking",
      "waiver": null
    }
  ],
  "trust_profile_digest": "sha256:94600d68b4ff63de11e365164b95f08a6937a3d2a5554c479c1406d04fdf8c79",
  "invocation_id": "inv-1",
  "created_at": "2026-01-02T03:04:05Z",
  "authorizes_publication": false
}
