{
  "invocation_id": "inv-1",
  "admission_id": "sha256:702de7a892f5c5cbf79fdad2a9d7551164abe86ed660236688a31df093c15ce2",
  "observed_base_sha": "deadbeef",
  "head_sha": "cafebabe",
  "manifest_digest": "sha256:change-manifest",
  "evidence_manifest_digest": "sha256:evidence-manifest",
  "commit_plan_present": true,
  "recorded_at": "2026-01-02T04:04:05Z"
}
