{
  "invocation_id": "inv-1",
  "admission_id": "sha256:28e137fe16b74ded5e18d9ebbaf0e841043648d647c096a12d3efd4c5a9f5bb4",
  "observed_base_sha": "deadbeef",
  "head_sha": "cafebabe",
  "manifest_digest": "sha256:change-manifest",
  "evidence_manifest_digest": "sha256:evidence-manifest",
  "commit_plan_present": true,
  "recorded_at": "2026-01-02T04:04:05Z"
}
