{
  "run_id": "run-1",
  "reversing_round": 3,
  "finding_id": "find-1",
  "superseded_round": 1,
  "remediation_invocation_id": "review-run-1-2",
  "drift_audit_digest": "sha256:bbbbbbbbbbbbbbbbbbbbbbbbbbbbbbbbbbbbbbbbbbbbbbbbbbbbbbbbbbbbbbbb",
  "authority": {
    "kind": "auto_route",
    "command": null
  },
  "created_at": "2026-01-02T03:04:05Z"
}
