{
  "encoding_version": 2,
  "run_id": "run-abc",
  "round": 2,
  "revision": 2,
  "predecessor_digest": "sha256:107d6b5fd25fa7e35e717e8e0c3b9a1c396c0bdd9c7fa67ce20f1cd5145ff1f6",
  "feedback": {
    "invocation_id": "invocation-discuss-1",
    "conversation_id": "conversation-adjudication-1",
    "through_sequence": 2,
    "prefix_digest": "sha256:0b37843d484bb0dd837fc3e1581287290a24778b43ade8e19d4ba0c3ac22c231"
  },
  "finding_batch_digest": "sha256:e4427f32d78c1000954bb63c7556843567c790a5c32cc9d4eb82147329f31840",
  "approved_spec_digest": "sha256:01013fd91991c378868d6c5a1fd8e7964d8787d15ebc34f162a13199af8d51d6",
  "instruction_snapshot_digest": "sha256:b7ce3804e3e162390407c875e5b43143118cb9c005e4111147dc83277d269451",
  "resolved_policy_digest": "sha256:e02e7c4f4d81b85ac7b2f191114f6028d351f016b27696759f3753992f7b2280",
  "entries": [
    {
      "finding_id": "finding-0001",
      "producer": "engine",
      "goal_relationship": "required",
      "compatibility": "allowed",
      "route": "remediate",
      "rationale": "in declared scope",
      "evidence": [
        "declared-path containment"
      ],
      "cited_rules": null,
      "assumptions": null,
      "alternatives": null,
      "open_questions": null,
      "confidence": null,
      "offered_alternatives": null
    },
    {
      "finding_id": "finding-0002",
      "producer": "model",
      "goal_relationship": "contradictory",
      "compatibility": null,
      "route": "decline",
      "rationale": "feedback identified the governing exception",
      "evidence": [
        "spec §2"
      ],
      "cited_rules": [
        "AGENTS.md scope discipline"
      ],
      "assumptions": [
        "spec is authoritative"
      ],
      "alternatives": [
        "defer to a separate work unit"
      ],
      "open_questions": [
        "which spec clause governs?"
      ],
      "confidence": "high",
      "offered_alternatives": [
        {
          "route": "dispute",
          "consequence": "Keep the run parked for human adjudication."
        }
      ]
    }
  ],
  "created_at": "2026-08-21T15:05:00Z",
  "digest": "sha256:94477a6343d213ce3cd6decbee6506eb874587dc82672b1cee6d8af6a4767e2f"
}
