{
  "id": "art-3",
  "type": "license_scan",
  "digest": "sha256:lic",
  "provenance": {
    "producer_class": "verifier",
    "producer_invocation_id": "inv-1",
    "head_binding": "head_independent",
    "verification_recipe_digest": "sha256:recipe-approved",
    "sensitivity_class": "normal"
  },
  "publish_eligible": true
}
