{
  "repo": "owner/repo",
  "repository_id": 84958515,
  "pr_number": 450,
  "provider": "codex_github",
  "kind": "clean_pass_signal",
  "native_id": 700300,
  "author_login": "chatgpt-codex-connector",
  "binding_head_sha": "cafebabe",
  "submitted_at": "2026-01-02T05:04:05Z",
  "observed_at": "2026-01-02T06:04:05Z"
}
