{
  "encoding_version": 1,
  "route_model_id": "gpt-5.6-sol",
  "lineage_group": "openai",
  "identity_stability": "pinned",
  "allowed_efforts": [
    "high",
    "max"
  ],
  "pricing_revision": "2026-08",
  "not_after": "2027-01-01T00:00:00Z",
  "digest": "sha256:d689da71e64a71486e85d764cda6eb26ad488a1cbb34613773672a9e6e93759e"
}
