{
  "campaign_id": "campaign-1",
  "attempt_number": 2,
  "kind": "retry",
  "reason": "Retry after repairing the acceptance rig",
  "parent_run_id": "run-0",
  "source_digest": "sha256:source",
  "approved_spec_digest": "sha256:spec",
  "specification_run_id": "run-specification-1",
  "implementation_run_id": "run-1"
}
