{
  "rounds": [
    {
      "round": 1,
      "findings_ingested": 2,
      "new_findings": 2,
      "recurring_findings": 0,
      "fixed": 1,
      "declined": 0,
      "deferred": 1,
      "outcome": "findings",
      "diff_metrics": {
        "cumulative": {
          "files_changed": 4,
          "additions": 120,
          "deletions": 8,
          "base_sha": "deadbeef",
          "head_sha": "0a1b2c3d"
        },
        "round": {
          "files_changed": 4,
          "additions": 120,
          "deletions": 8,
          "base_sha": "deadbeef",
          "head_sha": "0a1b2c3d"
        }
      }
    },
    {
      "round": 2,
      "findings_ingested": 2,
      "new_findings": 1,
      "recurring_findings": 1,
      "fixed": 1,
      "declined": 1,
      "deferred": 0,
      "outcome": "findings"
    },
    {
      "round": 3,
      "findings_ingested": 0,
      "new_findings": 0,
      "recurring_findings": 0,
      "fixed": 0,
      "declined": 0,
      "deferred": 0,
      "outcome": "clean",
      "diff_metrics": {
        "cumulative": {
          "files_changed": 6,
          "additions": 210,
          "deletions": 14,
          "base_sha": "deadbeef",
          "head_sha": "cafebabe"
        },
        "round": {
          "files_changed": 2,
          "additions": 35,
          "deletions": 3,
          "base_sha": "4e5f6a7b",
          "head_sha": "cafebabe"
        }
      }
    }
  ],
  "terminal_outcome": "clean"
}
