{
  "schedule_id": "schedule-pr_checks_deadline-item-1",
  "project_id": "project-1",
  "kind": "pr_checks_deadline",
  "generation": 1,
  "subject": {
    "type": "attention_item",
    "item_id": "item-1",
    "item_version": 1,
    "registration_id": null,
    "active_epoch": null,
    "durable_intent_revision": null
  },
  "nominal_fire_at": "2026-01-02T03:34:05Z",
  "fired_at": "2026-01-02T03:35:05Z",
  "gap": {
    "missed_occurrences": 1,
    "earliest_missed_at": "2026-01-02T03:33:05Z"
  }
}
