{
  "id": "task-1",
  "project_id": "proj-1",
  "source": {
    "kind": "work_item_artifact",
    "work_item_artifact_id": "spec-art-1",
    "issue_subject": null
  },
  "name": {
    "text": "Improve task navigation",
    "source": "specification"
  },
  "created_at": "2026-01-02T03:04:05Z",
  "campaign_ids": [
    "campaign-1"
  ],
  "lifecycle_facts": [
    {
      "ordinal": 1,
      "kind": "started",
      "run_id": "run-1",
      "campaign_id": "campaign-1",
      "binding_unit_id": null,
      "source_id": "start:run-1",
      "recorded_at": "2026-01-02T03:04:05Z"
    },
    {
      "ordinal": 2,
      "kind": "completed",
      "run_id": "run-1",
      "campaign_id": "campaign-1",
      "binding_unit_id": "workunit-run-1",
      "source_id": "complete:workunit-run-1",
      "recorded_at": "2026-01-02T03:04:05Z"
    }
  ]
}
