{
  "repo": "freeside-ai/demo",
  "pr_execution": "audited_same_repo",
  "candidate_automation_changes": "block",
  "pr_github_token_permissions": "read_only",
  "allow_oidc": false,
  "allow_environment_secrets": false,
  "allow_secret_bearing_pr_jobs": false,
  "allow_self_hosted_ci": false,
  "allow_pull_request_target": false,
  "commit_plan": "single_commit",
  "message_ruleset": "github/1",
  "workflow_audit_digest": "sha256:workflow-audit",
  "review": {
    "mode": "auto",
    "config_digest": "sha256:review-config"
  },
  "protected_paths": {
    "extra_automation_control_patterns": [
      "ci/*.sh",
      "deploy/**"
    ],
    "extra_reviewer_instruction_patterns": null,
    "extra_git_metadata_patterns": null,
    "extra_verification_control_patterns": [
      "Makefile"
    ],
    "extra_prompts_and_policy_patterns": [
      "policy/**",
      "prompts/**"
    ],
    "extra_egress_and_trust_patterns": null,
    "extra_materiality_rules_patterns": [
      "docs/plan.md"
    ]
  },
  "profile_digest": "sha256:94600d68b4ff63de11e365164b95f08a6937a3d2a5554c479c1406d04fdf8c79"
}
