{
  "as_of_revision": 23,
  "as_of": "2026-08-10T12:35:56Z",
  "run_id": "run-569",
  "milestones": [
    {
      "run_id": "run-569",
      "kind": "run_submitted",
      "invocation_id": "inv-569",
      "terminal": null,
      "outcome": null,
      "reason": null,
      "recorded_at": "2026-08-10T12:34:56Z"
    }
  ],
  "hold": null,
  "invocations": [
    {
      "invocation_id": "inv-569",
      "run_id": "run-569",
      "status": "running",
      "live": true,
      "observed_at": "2026-08-10T12:35:56Z"
    }
  ]
}
