{
  "as_of_revision": 23,
  "as_of": "2026-08-10T12:35:56Z",
  "run_id": "run-569",
  "milestones": [
    {
      "run_id": "run-569",
      "kind": "run_submitted",
      "invocation_id": "inv-569",
      "terminal": null,
      "outcome": null,
      "reason": null,
      "recorded_at": "2026-08-10T12:34:56Z"
    },
    {
      "run_id": "run-569",
      "kind": "publication_ready",
      "invocation_id": "publish-production-run-569",
      "terminal": null,
      "outcome": null,
      "reason": null,
      "recorded_at": "2026-08-10T14:34:56Z"
    },
    {
      "run_id": "run-569",
      "kind": "work_unit_completed",
      "invocation_id": "publish-production-run-569",
      "terminal": null,
      "outcome": null,
      "reason": null,
      "recorded_at": "2026-08-10T15:34:56Z"
    }
  ],
  "hold": null,
  "invocations": [
    {
      "invocation_id": "inv-569",
      "run_id": "run-569",
      "status": "completed",
      "live": false,
      "observed_at": "2026-08-10T12:35:56Z"
    }
  ],
  "completion": {
    "pr_number": 725,
    "merge_commit_sha": "5555555555555555555555555555555555555555",
    "bound_issue": 724,
    "recorded_at": "2026-08-10T15:34:56Z"
  },
  "billable_cost_so_far": {
    "currency": "USD",
    "amount": "17.5",
    "invocations": 1,
    "complete": true
  }
}
