{
  "message": "stale item version",
  "replacement_item": {
    "as_of_revision": 26,
    "entity_version": 4,
    "item": {
      "id": "item-569",
      "project_id": "project-569",
      "subject": {
        "subject_type": "run",
        "subject_id": "run-569",
        "run_id": "run-569"
      },
      "type": "spec_approval",
      "priority": "normal",
      "reason": "the implementation plan awaits approval",
      "requested_decision": [
        "approve",
        "discuss"
      ],
      "recommendation": null,
      "decision_surface": {
        "epoch": 1,
        "digest": "sha256:4444444444444444444444444444444444444444444444444444444444444444"
      },
      "evidence_snapshot": [],
      "agent_claims": [],
      "artifact_digests": [],
      "pr_head_sha": "1111111111111111111111111111111111111111",
      "pr_reference": null,
      "readiness": null,
      "yield_history": null,
      "commit_plan_notice": null,
      "base_freshness": null,
      "readiness_invalidation": null,
      "review_recovery_binding": null,
      "codex_reenrollment_recovery_binding": null,
      "review_configuration_recovery": null,
      "finding_adjudication": null,
      "display_names": null,
      "billable_cost_so_far": null,
      "execution_failure": null,
      "publish_block": null,
      "diff_stats": null,
      "blocked_on": null,
      "health_diagnostic": null,
      "review_dispute": null,
      "spec_revision": null,
      "item_version": 3,
      "interruption_class": "planned_gate",
      "conversation_id": "conversation-569",
      "timing": {
        "delivery_count": 0,
        "first_submitted_at": null,
        "first_accepted_at": null,
        "first_opened_at": null,
        "submit_to_first_open": null
      },
      "created_at": "2026-08-10T12:34:56Z",
      "expires_when": "2026-08-11T12:34:56Z",
      "decided_at": null,
      "posture": null,
      "blocking_supersession": null,
      "status": "open"
    }
  }
}
