eyJhbGciOiJSUzI1NiIsInR5cCI6IkpXVCJ9.eyJpYXQiOjE3ODQyMDMxNDAsImV4cCI6MTc4NDIwMzc0MCwiaXNzIjoiMTIzNDUifQ.TH-Ci6002jRPswbvik30SbIepYSh4uuFr9aDFHKuzNSXSYR8hm393T_nrJIqITBK8Oqdm5jTHapuFNvYOVFp5EQcAilg54Qs0cgZTMELWWfexP7w-V0rbJgV6bQn3kRIg6xwSed8ecyW-S57bjI44ZZMR-8CvCzNAH0_COC459yChhzw1Rcn6nFQ7oBW8ssab7hoi4HwysqmT944m-xNWcl4pamkSgmAzzH3G5MveKzbCgCpL6QXmR-6XMiIWPzkx_0de-DlCb9gtUI0TcX_VUZktIO0bCALiIiqzs1n4GgdtQeokjYSwF_uIeBSWWpZ8rJlHOsY39JOXJpd0OluTw