{
  "head_sha": "dd727a6a1338d4edf9f81876bd12839a120f8501",
  "base_sha": "709bc2cb17f802d6c185ba68700b09aacf5d6db9",
  "recipe_path": ".freeside/verify.json",
  "recipe_digest": "sha256:6bd9a67592b457f08cbafd0e16a71041dd1967aaa613b5f2e37cd6ae86ef49fd",
  "outcome": "passed",
  "steps": [
    {
      "argv": [
        "go",
        "test",
        "./..."
      ],
      "exit_code": 0,
      "output_truncated": false
    },
    {
      "argv": [
        "go",
        "vet",
        "./..."
      ],
      "exit_code": 0,
      "output_truncated": false
    }
  ],
  "findings": [
    {
      "path": "go.mod",
      "kind": "verification_control_path",
      "detail": "added"
    }
  ],
  "transcript_truncated": false
}
