{
  "run_id": "golden-run",
  "ownership_token": "00112233445566778899aabbccddeeff",
  "spec_digest": "abababababababababababababababababababababababababababababababab",
  "observed_base_sha": "1212121212121212121212121212121212121212",
  "credential_pre_digest": "cdcdcdcdcdcdcdcdcdcdcdcdcdcdcdcdcdcdcdcdcdcdcdcdcdcdcdcdcdcdcdcd",
  "writer_complete": true,
  "lease": {
    "auth_identity_id": "identity-fixture",
    "holder": "holder-fixture",
    "fence": 1,
    "acquired_at": "2026-07-01T11:00:00Z",
    "expires_at": "2026-07-02T12:00:00Z"
  },
  "export_dir": "/tmp/freeside-handoff-golden-run-out-fixture",
  "outcome": "completed",
  "opened_at": "2026-07-01T12:00:00Z"
}
