{
  "name": "freeside-handoff-golden-run-observer",
  "image": "example.test/exporter@sha256:0000000000000000000000000000000000000000000000000000000000000000",
  "command": [
    "sh",
    "-c",
    "LC_ALL=C; export LC_ALL; g=absent; if [ -d '/workspace'/.git ]; then g=present; fi; d=no; s=none; if [ -f '/workspace'/.git/HEAD ]; then h=\"$(cat '/workspace'/.git/HEAD 2\u003e/dev/null || true)\"; case \"$h\" in *[!0-9a-f]*) ;; ????????????????????????????????????????) d=yes; s=\"$h\";; esac; fi; w=absent; if [ -n \"$(cd '/workspace' 2\u003e/dev/null \u0026\u0026 find . -path ./lost+found -prune -o -path ./.git -prune -o -type f -print 2\u003e/dev/null | head -n 1)\" ]; then w=present; fi; t=none; if [ \"$g\" = present ]; then t=\"$(cd '/workspace' \u0026\u0026 find . -path ./lost+found -prune -o -type f -exec sha256sum {} + 2\u003e/dev/null | sort | sha256sum | cut -d' ' -f1)\"; fi; printf 'nonce=%s\\ngit_dir=%s\\nhead_detached=%s\\nbase_sha=%s\\nworktree=%s\\ntree_sha256=%s\\n' '00000000000000000000000000000000' \"$g\" \"$d\" \"$s\" \"$w\" \"$t\" \u003e '/handoff-base.txt'; sync"
  ],
  "env": null,
  "mounts": [
    {
      "type": "volume",
      "source": "freeside-handoff-golden-run-ws",
      "target": "/workspace",
      "read_only": true
    }
  ],
  "labels": [
    {
      "key": "freeside.handoff",
      "value": "golden-run"
    },
    {
      "key": "freeside.handoff-owner",
      "value": "00000000000000000000000000000000"
    }
  ],
  "network_disabled": true
}
