{
  "id": "item-card-health",
  "project_id": "proj-1",
  "subject": {
    "subject_type": "system",
    "subject_id": "daemon",
    "run_id": null
  },
  "type": "system_health",
  "priority": "normal",
  "reason": "run projection is unavailable",
  "requested_decision": [
    "run_doctor"
  ],
  "recommendation": null,
  "decision_surface": {
    "epoch": 1,
    "digest": "sha256:61b36453189854b38f1c6ea273a3aa849a146347283598df5df04d07a17949b8"
  },
  "evidence_snapshot": null,
  "agent_claims": null,
  "artifact_digests": [],
  "pr_head_sha": "",
  "pr_reference": null,
  "readiness": null,
  "readiness_detail": null,
  "yield_history": null,
  "commit_plan_notice": null,
  "base_freshness": null,
  "readiness_invalidation": null,
  "review_recovery_binding": null,
  "codex_reenrollment_recovery_binding": null,
  "review_configuration_recovery": null,
  "finding_adjudication": null,
  "display_names": {
    "project": {
      "text": "owner/repo",
      "source": "name"
    },
    "work_unit": {
      "text": "daemon",
      "source": "identifier"
    }
  },
  "billable_cost_so_far": null,
  "execution_failure": null,
  "publish_block": null,
  "diff_stats": null,
  "blocked_on": null,
  "health_diagnostic": {
    "code": "run_projection.unavailable",
    "impairs": "run_visibility"
  },
  "review_dispute": null,
  "spec_revision": null,
  "agent_question": null,
  "item_version": 1,
  "interruption_class": "exceptional",
  "conversation_id": null,
  "timing": {
    "delivery_count": 0,
    "first_submitted_at": null,
    "first_accepted_at": null,
    "first_opened_at": null,
    "submit_to_first_open": null
  },
  "created_at": "2026-08-29T20:00:00Z",
  "expires_when": null,
  "decided_at": null,
  "posture": "advisory",
  "blocking_supersession": null,
  "status": "open"
}
