{
  "id": "item-card-diff",
  "project_id": "proj-1",
  "subject": {
    "subject_type": "run",
    "subject_id": "run-1",
    "run_id": "run-1"
  },
  "type": "ready_for_final_review",
  "priority": "normal",
  "reason": "the pull request is ready for final review",
  "requested_decision": [
    "open_pr",
    "return_to_agent",
    "dismiss"
  ],
  "recommendation": null,
  "decision_surface": {
    "epoch": 1,
    "digest": "sha256:f41c0892270144d9355afc7ab04fa6a0895af22b214d12e9e207db1469c83af9"
  },
  "evidence_snapshot": null,
  "agent_claims": null,
  "artifact_digests": [],
  "pr_head_sha": "cafebabe",
  "pr_reference": {
    "repo": "owner/repo",
    "number": 42
  },
  "readiness": null,
  "readiness_detail": null,
  "yield_history": null,
  "commit_plan_notice": null,
  "base_freshness": null,
  "readiness_invalidation": null,
  "review_recovery_binding": null,
  "codex_reenrollment_recovery_binding": null,
  "review_configuration_recovery": null,
  "finding_adjudication": null,
  "display_names": {
    "project": {
      "text": "owner/repo",
      "source": "name"
    },
    "work_unit": {
      "text": "#1003",
      "source": "name"
    }
  },
  "billable_cost_so_far": null,
  "execution_failure": null,
  "publish_block": null,
  "diff_stats": {
    "files_changed": 3,
    "additions": 17,
    "deletions": 5,
    "base_sha": "deadbeef",
    "head_sha": "cafebabe"
  },
  "blocked_on": null,
  "health_diagnostic": null,
  "review_dispute": null,
  "spec_revision": null,
  "item_version": 1,
  "interruption_class": "planned_gate",
  "conversation_id": null,
  "timing": {
    "delivery_count": 0,
    "first_submitted_at": null,
    "first_accepted_at": null,
    "first_opened_at": null,
    "submit_to_first_open": null
  },
  "created_at": "2026-08-29T20:00:00Z",
  "expires_when": null,
  "decided_at": null,
  "posture": null,
  "blocking_supersession": null,
  "status": "open"
}
