{
  "id": "item-card-cost",
  "project_id": "proj-1",
  "subject": {
    "subject_type": "run",
    "subject_id": "run-1",
    "run_id": "run-1"
  },
  "type": "review_diminishing_returns",
  "priority": "normal",
  "reason": "review yield is diminishing",
  "requested_decision": [
    "finish_now"
  ],
  "recommendation": null,
  "decision_surface": {
    "epoch": 1,
    "digest": "sha256:fd91beca3a0f5cf09e1b8c62060dcd6fdda21bf7b01b31fcac528faf3eb8688a"
  },
  "evidence_snapshot": null,
  "agent_claims": null,
  "artifact_digests": [],
  "pr_head_sha": "",
  "pr_reference": null,
  "readiness": null,
  "readiness_detail": null,
  "yield_history": null,
  "commit_plan_notice": null,
  "base_freshness": null,
  "readiness_invalidation": null,
  "review_recovery_binding": null,
  "codex_reenrollment_recovery_binding": null,
  "review_configuration_recovery": null,
  "finding_adjudication": null,
  "display_names": {
    "project": {
      "text": "owner/repo",
      "source": "name"
    },
    "work_unit": {
      "text": "#1003",
      "source": "name"
    }
  },
  "billable_cost_so_far": {
    "currency": "USD",
    "amount": "17.50",
    "invocations": 4,
    "complete": false
  },
  "execution_failure": null,
  "publish_block": null,
  "diff_stats": null,
  "blocked_on": null,
  "health_diagnostic": null,
  "review_dispute": null,
  "spec_revision": null,
  "item_version": 1,
  "interruption_class": "planned_gate",
  "conversation_id": null,
  "timing": {
    "delivery_count": 0,
    "first_submitted_at": null,
    "first_accepted_at": null,
    "first_opened_at": null,
    "submit_to_first_open": null
  },
  "created_at": "2026-08-29T20:00:00Z",
  "expires_when": null,
  "decided_at": null,
  "posture": null,
  "blocking_supersession": null,
  "status": "open"
}
