{
  "id": "run-1",
  "project_id": "proj-1",
  "spec_digest": "sha256:spec",
  "policy_digest": "sha256:dc1af0d4d3c8cdc2f6b59b72234a6988199c4d9dd9c3f2e663452eb58cd97ca7",
  "stages": [
    {
      "id": "stage-1",
      "run_id": "run-1",
      "name": "implementation",
      "attempts": [
        {
          "id": "attempt-1",
          "stage_id": "stage-1",
          "number": 1,
          "invocation_id": "inv-1"
        }
      ]
    }
  ]
}
