{
  "config_dir": "/home/operator/.freeside",
  "db_path": "/home/operator/.freeside/state/freeside.db",
  "state_dir": "/home/operator/.freeside/state",
  "credentials_dir": "/home/operator/.freeside/credentials",
  "fake_driver_dir": "/home/operator/.freeside/state/freeside.db.fake-stage-driver",
  "authority_path": "/home/operator/.freeside/state/installation-authority.json"
}
